Copyright 1986-2022 Xilinx, Inc. All Rights Reserved. Copyright 2022-2025 Advanced Micro Devices, Inc. All Rights Reserved.
---------------------------------------------------------------------------------------------------------------------------------------------
| Tool Version : Vivado v.2025.2 (lin64) Build 6299465 Fri Nov 14 12:34:56 MST 2025
| Date         : Fri Mar  6 13:32:32 2026
| Host         : smita-HP-250-G8-Notebook-PC running 64-bit Ubuntu 24.04.4 LTS
| Command      : report_control_sets -verbose -file cva6_minimal_top_control_sets_placed.rpt
| Design       : cva6_minimal_top
| Device       : xc7z020
---------------------------------------------------------------------------------------------------------------------------------------------

Control Set Information

Table of Contents
-----------------
1. Summary
2. Histogram
3. Flip-Flop Distribution
4. Detailed Control Set Information

1. Summary
----------

+----------------------------------------------------------+-------+
|                          Status                          | Count |
+----------------------------------------------------------+-------+
| Total control sets                                       |    42 |
|    Minimum number of control sets                        |    42 |
|    Addition due to synthesis replication                 |     0 |
|    Addition due to physical synthesis replication        |     0 |
| Unused register locations in slices containing registers |    41 |
+----------------------------------------------------------+-------+
* Control sets can be merged at opt_design using control_set_merge or merge_equivalent_drivers
** Run report_qor_suggestions for automated merging and remapping suggestions


2. Histogram
------------

+--------------------+-------+
|       Fanout       | Count |
+--------------------+-------+
| Total control sets |    42 |
| >= 0 to < 4        |     1 |
| >= 4 to < 6        |     4 |
| >= 6 to < 8        |     0 |
| >= 8 to < 10       |     1 |
| >= 10 to < 12      |     0 |
| >= 12 to < 14      |     1 |
| >= 14 to < 16      |     0 |
| >= 16              |    35 |
+--------------------+-------+
* Control sets can be remapped at either synth_design or opt_design


3. Flip-Flop Distribution
-------------------------

+--------------+-----------------------+------------------------+-----------------+--------------+
| Clock Enable | Synchronous Set/Reset | Asynchronous Set/Reset | Total Registers | Total Slices |
+--------------+-----------------------+------------------------+-----------------+--------------+
| No           | No                    | No                     |               3 |            3 |
| No           | No                    | Yes                    |               0 |            0 |
| No           | Yes                   | No                     |              52 |           23 |
| Yes          | No                    | No                     |              41 |           10 |
| Yes          | No                    | Yes                    |               0 |            0 |
| Yes          | Yes                   | No                     |            1047 |          462 |
+--------------+-----------------------+------------------------+-----------------+--------------+


4. Detailed Control Set Information
-----------------------------------

+----------------------+----------------------------------------------+-------------------+------------------+----------------+--------------+
|     Clock Signal     |                 Enable Signal                |  Set/Reset Signal | Slice Load Count | Bel Load Count | Bels / Slice |
+----------------------+----------------------------------------------+-------------------+------------------+----------------+--------------+
|  sys_clock_IBUF_BUFG | u_riscv_core/data_req_reg_1[0]               | reset             |                1 |              2 |         2.00 |
|  sys_clock_IBUF_BUFG | u_uart_tx/tx_state                           | reset             |                1 |              4 |         4.00 |
|  sys_clock_IBUF_BUFG |                                              |                   |                3 |              4 |         1.33 |
|  sys_clock_IBUF_BUFG | u_riscv_core/data_req_reg_0[0]               | reset             |                2 |              5 |         2.50 |
|  sys_clock_IBUF_BUFG | u_uart_tx/fifo_rd_en                         | reset             |                1 |              5 |         5.00 |
|  sys_clock_IBUF_BUFG | u_uart_tx/tx_data[7]_i_1_n_0                 | reset             |                2 |              8 |         4.00 |
|  sys_clock_IBUF_BUFG | u_riscv_core/p_0_in                          |                   |                2 |             12 |         6.00 |
|  sys_clock_IBUF_BUFG |                                              | reset             |                8 |             18 |         2.25 |
|  sys_clock_IBUF_BUFG | u_boot_rom/FSM_sequential_state_reg[1]_0[0]  | reset             |               19 |             31 |         1.63 |
|  sys_clock_IBUF_BUFG | u_boot_rom/FSM_sequential_state_reg[0]_19[0] | reset             |               23 |             32 |         1.39 |
|  sys_clock_IBUF_BUFG | u_boot_rom/FSM_sequential_state_reg[0]_18[0] | reset             |               17 |             32 |         1.88 |
|  sys_clock_IBUF_BUFG | u_boot_rom/FSM_sequential_state_reg[0]_22[0] | reset             |               13 |             32 |         2.46 |
|  sys_clock_IBUF_BUFG | u_boot_rom/FSM_sequential_state_reg[0]_20[0] | reset             |               15 |             32 |         2.13 |
|  sys_clock_IBUF_BUFG | u_boot_rom/FSM_sequential_state_reg[0]_21[0] | reset             |               11 |             32 |         2.91 |
|  sys_clock_IBUF_BUFG | u_boot_rom/FSM_sequential_state_reg[0]_23[0] | reset             |               11 |             32 |         2.91 |
|  sys_clock_IBUF_BUFG | u_boot_rom/FSM_sequential_state_reg[0]_24[0] | reset             |               16 |             32 |         2.00 |
|  sys_clock_IBUF_BUFG | u_boot_rom/FSM_sequential_state_reg[0]_3[0]  | reset             |               16 |             32 |         2.00 |
|  sys_clock_IBUF_BUFG | u_boot_rom/E[0]                              | reset             |                9 |             32 |         3.56 |
|  sys_clock_IBUF_BUFG | u_boot_rom/FSM_sequential_state_reg[0]_1[0]  | reset             |               15 |             32 |         2.13 |
|  sys_clock_IBUF_BUFG | u_boot_rom/FSM_sequential_state_reg[0]_11[0] | reset             |               11 |             32 |         2.91 |
|  sys_clock_IBUF_BUFG | u_boot_rom/FSM_sequential_state_reg[0]_0[0]  | reset             |               12 |             32 |         2.67 |
|  sys_clock_IBUF_BUFG | u_boot_rom/FSM_sequential_state_reg[0][0]    | reset             |               12 |             32 |         2.67 |
|  sys_clock_IBUF_BUFG | u_boot_rom/FSM_sequential_state_reg[0]_2[0]  | reset             |               12 |             32 |         2.67 |
|  sys_clock_IBUF_BUFG | u_boot_rom/FSM_sequential_state_reg[0]_15[0] | reset             |               16 |             32 |         2.00 |
|  sys_clock_IBUF_BUFG | u_boot_rom/FSM_sequential_state_reg[0]_26[0] | reset             |               14 |             32 |         2.29 |
|  sys_clock_IBUF_BUFG | u_boot_rom/FSM_sequential_state_reg[0]_28[0] | reset             |               14 |             32 |         2.29 |
|  sys_clock_IBUF_BUFG | u_boot_rom/FSM_sequential_state_reg[0]_25[0] | reset             |               13 |             32 |         2.46 |
|  sys_clock_IBUF_BUFG | u_boot_rom/FSM_sequential_state_reg[0]_6[0]  | reset             |               16 |             32 |         2.00 |
|  sys_clock_IBUF_BUFG | u_boot_rom/FSM_sequential_state_reg[0]_27[0] | reset             |               16 |             32 |         2.00 |
|  sys_clock_IBUF_BUFG | u_boot_rom/FSM_sequential_state_reg[0]_4[0]  | reset             |               16 |             32 |         2.00 |
|  sys_clock_IBUF_BUFG | u_boot_rom/FSM_sequential_state_reg[0]_7[0]  | reset             |               14 |             32 |         2.29 |
|  sys_clock_IBUF_BUFG | u_boot_rom/FSM_sequential_state_reg[0]_5[0]  | reset             |               16 |             32 |         2.00 |
|  sys_clock_IBUF_BUFG | u_boot_rom/FSM_sequential_state_reg[0]_9[0]  | reset             |               12 |             32 |         2.67 |
|  sys_clock_IBUF_BUFG | u_boot_rom/FSM_sequential_state_reg[0]_8[0]  | reset             |               15 |             32 |         2.13 |
|  sys_clock_IBUF_BUFG | u_boot_rom/FSM_sequential_state_reg[0]_12[0] | reset             |               18 |             32 |         1.78 |
|  sys_clock_IBUF_BUFG | u_boot_rom/FSM_sequential_state_reg[0]_10[0] | reset             |               13 |             32 |         2.46 |
|  sys_clock_IBUF_BUFG | u_boot_rom/FSM_sequential_state_reg[0]_13[0] | reset             |               15 |             32 |         2.13 |
|  sys_clock_IBUF_BUFG | u_boot_rom/FSM_sequential_state_reg[0]_14[0] | reset             |               13 |             32 |         2.46 |
|  sys_clock_IBUF_BUFG | u_boot_rom/FSM_sequential_state_reg[0]_17[0] | reset             |               12 |             32 |         2.67 |
|  sys_clock_IBUF_BUFG | u_boot_rom/FSM_sequential_state_reg[0]_16[0] | reset             |               10 |             32 |         3.20 |
|  sys_clock_IBUF_BUFG |                                              | u_riscv_core/Q[1] |               15 |             34 |         2.27 |
|  sys_clock_IBUF_BUFG | u_boot_rom/FSM_sequential_state_reg[1][0]    |                   |               10 |             41 |         4.10 |
+----------------------+----------------------------------------------+-------------------+------------------+----------------+--------------+


